// Jest Snapshot v1, https://goo.gl/fbAQLP

exports[`Profile component should render Profile page component 1`] = `
<div
  className="animated fadeIn"
>
  <Wrapper />
  <withRouter(Back) />
  <Title
    icon={
      Object {
        "icon": Array [
          496,
          512,
          Array [],
          "f2bd",
          "M248 8C111 8 0 119 0 256s111 248 248 248 248-111 248-248S385 8 248 8zm0 96c48.6 0 88 39.4 88 88s-39.4 88-88 88-88-39.4-88-88 39.4-88 88-88zm0 344c-58.7 0-111.3-26.6-146.5-68.2 18.8-35.4 55.6-59.8 98.5-59.8 2.4 0 4.8.4 7.1 1.1 13 4.2 26.6 6.9 40.9 6.9 14.3 0 28-2.7 40.9-6.9 2.3-.7 4.7-1.1 7.1-1.1 42.9 0 79.7 24.4 98.5 59.8C359.3 421.4 306.7 448 248 448z",
        ],
        "iconName": "user-circle",
        "prefix": "fas",
      }
    }
    text="profile.title"
  />
  <div
    id="profile-info"
  >
    <div
      className="row"
    >
      <span
        className="property"
      >
        profile.avatar
      </span>
      <img
        alt="profile"
        className="profile-picture"
        src="url-avatar"
      />
    </div>
    <div
      className="row"
    >
      <span
        className="property"
      >
        profile.firstName
      </span>
      <span
        className="value"
      >
        Tony
      </span>
    </div>
    <div
      className="row"
    >
      <span
        className="property"
      >
        profile.lastName
      </span>
      <span
        className="value"
      >
        Stark
      </span>
    </div>
    <div
      className="row"
    >
      <span
        className="property"
      >
        profile.email
      </span>
      <span
        className="value"
      >
        tony@stark.com
      </span>
    </div>
    <div
      className="row"
    >
      <span
        className="property"
      >
        profile.authority
      </span>
      <span
        className="value"
      />
    </div>
    <div
      className="row single"
    >
      <Button
        icon={
          Object {
            "icon": Array [
              640,
              512,
              Array [],
              "f52b",
              "M624 448h-80V113.45C544 86.19 522.47 64 496 64H384v64h96v384h144c8.84 0 16-7.16 16-16v-32c0-8.84-7.16-16-16-16zM312.24 1.01l-192 49.74C105.99 54.44 96 67.7 96 82.92V448H16c-8.84 0-16 7.16-16 16v32c0 8.84 7.16 16 16 16h336V33.18c0-21.58-19.56-37.41-39.76-32.17zM264 288c-13.25 0-24-14.33-24-32s10.75-32 24-32 24 14.33 24 32-10.75 32-24 32z",
            ],
            "iconName": "door-open",
            "prefix": "fas",
          }
        }
        id="logout-button"
        onClick={[Function]}
        text="profile.logout"
      />
    </div>
  </div>
</div>
`;
