// Jest Snapshot v1, https://goo.gl/fbAQLP

exports[`TodoList component should add task 1`] = `
<div
  className="todo-list-component animated fadeIn"
>
  <withRouter(Back) />
  <Loading
    error={false}
    loading={false}
  >
    <Title
      icon={
        Object {
          "icon": Array [
            512,
            512,
            Array [],
            "f03a",
            "M80 368H16a16 16 0 0 0-16 16v64a16 16 0 0 0 16 16h64a16 16 0 0 0 16-16v-64a16 16 0 0 0-16-16zm0-320H16A16 16 0 0 0 0 64v64a16 16 0 0 0 16 16h64a16 16 0 0 0 16-16V64a16 16 0 0 0-16-16zm0 160H16a16 16 0 0 0-16 16v64a16 16 0 0 0 16 16h64a16 16 0 0 0 16-16v-64a16 16 0 0 0-16-16zm416 176H176a16 16 0 0 0-16 16v32a16 16 0 0 0 16 16h320a16 16 0 0 0 16-16v-32a16 16 0 0 0-16-16zm0-320H176a16 16 0 0 0-16 16v32a16 16 0 0 0 16 16h320a16 16 0 0 0 16-16V80a16 16 0 0 0-16-16zm0 160H176a16 16 0 0 0-16 16v32a16 16 0 0 0 16 16h320a16 16 0 0 0 16-16v-32a16 16 0 0 0-16-16z",
          ],
          "iconName": "list",
          "prefix": "fas",
        }
      }
      text="Shop"
    />
    <div
      className="tasks tasks-incomplete"
    >
      <Task
        completed={false}
        key="0"
        onClick={[Function]}
        onDelete={[Function]}
        text="buy milk"
      />
      <withI18nextTranslation(AddTask)
        onAdd={[Function]}
      />
    </div>
    <hr
      className="divider"
    />
    <div
      className="tasks tasks-completed"
    />
  </Loading>
</div>
`;

exports[`TodoList component should delete task 1`] = `
<div
  className="todo-list-component animated fadeIn"
>
  <withRouter(Back) />
  <Loading
    error={false}
    loading={false}
  >
    <Title
      icon={
        Object {
          "icon": Array [
            512,
            512,
            Array [],
            "f03a",
            "M80 368H16a16 16 0 0 0-16 16v64a16 16 0 0 0 16 16h64a16 16 0 0 0 16-16v-64a16 16 0 0 0-16-16zm0-320H16A16 16 0 0 0 0 64v64a16 16 0 0 0 16 16h64a16 16 0 0 0 16-16V64a16 16 0 0 0-16-16zm0 160H16a16 16 0 0 0-16 16v64a16 16 0 0 0 16 16h64a16 16 0 0 0 16-16v-64a16 16 0 0 0-16-16zm416 176H176a16 16 0 0 0-16 16v32a16 16 0 0 0 16 16h320a16 16 0 0 0 16-16v-32a16 16 0 0 0-16-16zm0-320H176a16 16 0 0 0-16 16v32a16 16 0 0 0 16 16h320a16 16 0 0 0 16-16V80a16 16 0 0 0-16-16zm0 160H176a16 16 0 0 0-16 16v32a16 16 0 0 0 16 16h320a16 16 0 0 0 16-16v-32a16 16 0 0 0-16-16z",
          ],
          "iconName": "list",
          "prefix": "fas",
        }
      }
      text="Shop"
    />
    <div
      className="tasks tasks-incomplete"
    >
      <withI18nextTranslation(AddTask)
        onAdd={[Function]}
      />
    </div>
    <hr
      className="divider"
    />
    <div
      className="tasks tasks-completed"
    />
  </Loading>
</div>
`;

exports[`TodoList component should fetch data from API after mounting 1`] = `
<div
  className="todo-list-component animated fadeIn"
>
  <withRouter(Back) />
  <Loading
    error={false}
    loading={false}
  >
    <Title
      icon={
        Object {
          "icon": Array [
            512,
            512,
            Array [],
            "f03a",
            "M80 368H16a16 16 0 0 0-16 16v64a16 16 0 0 0 16 16h64a16 16 0 0 0 16-16v-64a16 16 0 0 0-16-16zm0-320H16A16 16 0 0 0 0 64v64a16 16 0 0 0 16 16h64a16 16 0 0 0 16-16V64a16 16 0 0 0-16-16zm0 160H16a16 16 0 0 0-16 16v64a16 16 0 0 0 16 16h64a16 16 0 0 0 16-16v-64a16 16 0 0 0-16-16zm416 176H176a16 16 0 0 0-16 16v32a16 16 0 0 0 16 16h320a16 16 0 0 0 16-16v-32a16 16 0 0 0-16-16zm0-320H176a16 16 0 0 0-16 16v32a16 16 0 0 0 16 16h320a16 16 0 0 0 16-16V80a16 16 0 0 0-16-16zm0 160H176a16 16 0 0 0-16 16v32a16 16 0 0 0 16 16h320a16 16 0 0 0 16-16v-32a16 16 0 0 0-16-16z",
          ],
          "iconName": "list",
          "prefix": "fas",
        }
      }
      text="Work"
    />
    <div
      className="tasks tasks-incomplete"
    >
      <Task
        completed={false}
        key="0"
        onClick={[Function]}
        onDelete={[Function]}
        text="checkout GitHub"
      />
      <Task
        completed={false}
        key="2"
        onClick={[Function]}
        onDelete={[Function]}
        text="fix ISS-895 issue"
      />
      <withI18nextTranslation(AddTask)
        onAdd={[Function]}
      />
    </div>
    <hr
      className="divider"
    />
    <div
      className="tasks tasks-completed"
    >
      <Task
        completed={true}
        key="1"
        onClick={[Function]}
        onDelete={[Function]}
        text="install Yarn"
      />
    </div>
  </Loading>
</div>
`;

exports[`TodoList component should render default TodoList 1`] = `
<div
  className="todo-list-component animated fadeIn"
>
  <withRouter(Back) />
  <Loading
    error={false}
    loading={true}
  >
    <Title
      icon={
        Object {
          "icon": Array [
            512,
            512,
            Array [],
            "f03a",
            "M80 368H16a16 16 0 0 0-16 16v64a16 16 0 0 0 16 16h64a16 16 0 0 0 16-16v-64a16 16 0 0 0-16-16zm0-320H16A16 16 0 0 0 0 64v64a16 16 0 0 0 16 16h64a16 16 0 0 0 16-16V64a16 16 0 0 0-16-16zm0 160H16a16 16 0 0 0-16 16v64a16 16 0 0 0 16 16h64a16 16 0 0 0 16-16v-64a16 16 0 0 0-16-16zm416 176H176a16 16 0 0 0-16 16v32a16 16 0 0 0 16 16h320a16 16 0 0 0 16-16v-32a16 16 0 0 0-16-16zm0-320H176a16 16 0 0 0-16 16v32a16 16 0 0 0 16 16h320a16 16 0 0 0 16-16V80a16 16 0 0 0-16-16zm0 160H176a16 16 0 0 0-16 16v32a16 16 0 0 0 16 16h320a16 16 0 0 0 16-16v-32a16 16 0 0 0-16-16z",
          ],
          "iconName": "list",
          "prefix": "fas",
        }
      }
      text={null}
    />
    <div
      className="tasks tasks-incomplete"
    >
      <withI18nextTranslation(AddTask)
        onAdd={[Function]}
      />
    </div>
    <hr
      className="divider"
    />
    <div
      className="tasks tasks-completed"
    />
  </Loading>
</div>
`;

exports[`TodoList component should update task 1`] = `
<div
  className="todo-list-component animated fadeIn"
>
  <withRouter(Back) />
  <Loading
    error={false}
    loading={false}
  >
    <Title
      icon={
        Object {
          "icon": Array [
            512,
            512,
            Array [],
            "f03a",
            "M80 368H16a16 16 0 0 0-16 16v64a16 16 0 0 0 16 16h64a16 16 0 0 0 16-16v-64a16 16 0 0 0-16-16zm0-320H16A16 16 0 0 0 0 64v64a16 16 0 0 0 16 16h64a16 16 0 0 0 16-16V64a16 16 0 0 0-16-16zm0 160H16a16 16 0 0 0-16 16v64a16 16 0 0 0 16 16h64a16 16 0 0 0 16-16v-64a16 16 0 0 0-16-16zm416 176H176a16 16 0 0 0-16 16v32a16 16 0 0 0 16 16h320a16 16 0 0 0 16-16v-32a16 16 0 0 0-16-16zm0-320H176a16 16 0 0 0-16 16v32a16 16 0 0 0 16 16h320a16 16 0 0 0 16-16V80a16 16 0 0 0-16-16zm0 160H176a16 16 0 0 0-16 16v32a16 16 0 0 0 16 16h320a16 16 0 0 0 16-16v-32a16 16 0 0 0-16-16z",
          ],
          "iconName": "list",
          "prefix": "fas",
        }
      }
      text="Work"
    />
    <div
      className="tasks tasks-incomplete"
    >
      <Task
        completed={false}
        key="0"
        onClick={[Function]}
        onDelete={[Function]}
        text="checkout GitHub"
      />
      <withI18nextTranslation(AddTask)
        onAdd={[Function]}
      />
    </div>
    <hr
      className="divider"
    />
    <div
      className="tasks tasks-completed"
    >
      <Task
        completed={true}
        key="1"
        onClick={[Function]}
        onDelete={[Function]}
        text="install Yarn"
      />
      <Task
        completed={true}
        key="2"
        onClick={[Function]}
        onDelete={[Function]}
        text="fix ISS-895 issue"
      />
    </div>
  </Loading>
</div>
`;
