// Jest Snapshot v1, https://goo.gl/fbAQLP

exports[`TodoList component should fetch data from API after mounting 1`] = `
<div
  className="animated fadeIn"
>
  <Wrapper>
    <SettingsItem
      icon={
        Object {
          "icon": Array [
            512,
            512,
            Array [],
            "f055",
            "M256 8C119 8 8 119 8 256s111 248 248 248 248-111 248-248S393 8 256 8zm144 276c0 6.6-5.4 12-12 12h-92v92c0 6.6-5.4 12-12 12h-56c-6.6 0-12-5.4-12-12v-92h-92c-6.6 0-12-5.4-12-12v-56c0-6.6 5.4-12 12-12h92v-92c0-6.6 5.4-12 12-12h56c6.6 0 12 5.4 12 12v92h92c6.6 0 12 5.4 12 12v56z",
          ],
          "iconName": "plus-circle",
          "prefix": "fas",
        }
      }
      onClick={[Function]}
    />
  </Wrapper>
  <Title
    text="todos.title"
  />
  <Loading
    error={false}
    loading={false}
  >
    <Wrapper
      count={2}
      key="1"
      onClick={[Function]}
      onDelete={[Function]}
      title="Work"
    />
    <Wrapper
      count={1}
      key="2"
      onClick={[Function]}
      onDelete={[Function]}
      title="Shop"
    />
  </Loading>
</div>
`;

exports[`TodoList component should render default Todos 1`] = `
<div
  className="animated fadeIn"
>
  <Wrapper>
    <SettingsItem
      icon={
        Object {
          "icon": Array [
            512,
            512,
            Array [],
            "f055",
            "M256 8C119 8 8 119 8 256s111 248 248 248 248-111 248-248S393 8 256 8zm144 276c0 6.6-5.4 12-12 12h-92v92c0 6.6-5.4 12-12 12h-56c-6.6 0-12-5.4-12-12v-92h-92c-6.6 0-12-5.4-12-12v-56c0-6.6 5.4-12 12-12h92v-92c0-6.6 5.4-12 12-12h56c6.6 0 12 5.4 12 12v92h92c6.6 0 12 5.4 12 12v56z",
          ],
          "iconName": "plus-circle",
          "prefix": "fas",
        }
      }
      onClick={[Function]}
    />
  </Wrapper>
  <Title
    text="todos.title"
  />
  <Loading
    error={false}
    loading={true}
  >
    <div>
      <h2>
        todos.createFirstList
      </h2>
      <Lottie
        height={300}
        isClickToPauseDisabled={true}
        options={
          Object {
            "animationData": Object {
              "assets": Array [],
              "ddd": 0,
              "fr": 25,
              "h": 240,
              "ip": 0,
              "layers": Array [
                Object {
                  "ao": 0,
                  "bm": 0,
                  "ddd": 0,
                  "ind": 1,
                  "ip": 0,
                  "ks": Object {
                    "a": Object {
                      "a": 0,
                      "ix": 1,
                      "k": Array [
                        40,
                        40,
                        0,
                      ],
                    },
                    "o": Object {
                      "a": 1,
                      "ix": 11,
                      "k": Array [
                        Object {
                          "e": Array [
                            0,
                          ],
                          "i": Object {
                            "x": Array [
                              0.833,
                            ],
                            "y": Array [
                              0.833,
                            ],
                          },
                          "n": Array [
                            "0p833_0p833_0p167_0p167",
                          ],
                          "o": Object {
                            "x": Array [
                              0.167,
                            ],
                            "y": Array [
                              0.167,
                            ],
                          },
                          "s": Array [
                            100,
                          ],
                          "t": 35,
                        },
                        Object {
                          "t": 42,
                        },
                      ],
                    },
                    "p": Object {
                      "a": 1,
                      "ix": 2,
                      "k": Array [
                        Object {
                          "e": Array [
                            119,
                            127.5,
                            0,
                          ],
                          "i": Object {
                            "x": 0.833,
                            "y": 0.833,
                          },
                          "n": "0p833_0p833_0p167_0p167",
                          "o": Object {
                            "x": 0.167,
                            "y": 0.167,
                          },
                          "s": Array [
                            293,
                            56.25,
                            0,
                          ],
                          "t": 17,
                          "ti": Array [
                            29,
                            -11.875,
                            0,
                          ],
                          "to": Array [
                            -29,
                            11.875,
                            0,
                          ],
                        },
                        Object {
                          "e": Array [
                            119,
                            127.5,
                            0,
                          ],
                          "i": Object {
                            "x": 0.833,
                            "y": 0.833,
                          },
                          "n": "0p833_0p833_0p167_0p167",
                          "o": Object {
                            "x": 0.167,
                            "y": 0.167,
                          },
                          "s": Array [
                            119,
                            127.5,
                            0,
                          ],
                          "t": 24,
                          "ti": Array [
                            0,
                            0,
                            0,
                          ],
                          "to": Array [
                            0,
                            0,
                            0,
                          ],
                        },
                        Object {
                          "e": Array [
                            141.75,
                            127.5,
                            0,
                          ],
                          "i": Object {
                            "x": 0.833,
                            "y": 0.833,
                          },
                          "n": "0p833_0p833_0p167_0p167",
                          "o": Object {
                            "x": 0.167,
                            "y": 0.167,
                          },
                          "s": Array [
                            119,
                            127.5,
                            0,
                          ],
                          "t": 25,
                          "ti": Array [
                            -0.125,
                            -1.97916662693024,
                            0,
                          ],
                          "to": Array [
                            3.79166674613953,
                            0,
                            0,
                          ],
                        },
                        Object {
                          "e": Array [
                            119.75,
                            139.375,
                            0,
                          ],
                          "i": Object {
                            "x": 0.833,
                            "y": 0.833,
                          },
                          "n": "0p833_0p833_0p167_0p167",
                          "o": Object {
                            "x": 0.167,
                            "y": 0.167,
                          },
                          "s": Array [
                            141.75,
                            127.5,
                            0,
                          ],
                          "t": 30,
                          "ti": Array [
                            0.10280972719193,
                            -0.07674065977335,
                            0,
                          ],
                          "to": Array [
                            0.125,
                            1.97916662693024,
                            0,
                          ],
                        },
                        Object {
                          "e": Array [
                            131.688,
                            138.625,
                            0,
                          ],
                          "i": Object {
                            "x": 0.833,
                            "y": 0.833,
                          },
                          "n": "0p833_0p833_0p167_0p167",
                          "o": Object {
                            "x": 0.167,
                            "y": 0.167,
                          },
                          "s": Array [
                            119.75,
                            139.375,
                            0,
                          ],
                          "t": 32,
                          "ti": Array [
                            0,
                            0,
                            0,
                          ],
                          "to": Array [
                            -0.10280972719193,
                            0.07674065977335,
                            0,
                          ],
                        },
                        Object {
                          "e": Array [
                            224.5,
                            270.25,
                            0,
                          ],
                          "i": Object {
                            "x": 0.833,
                            "y": 0.833,
                          },
                          "n": "0p833_0p833_0p167_0p167",
                          "o": Object {
                            "x": 0.167,
                            "y": 0.167,
                          },
                          "s": Array [
                            131.688,
                            138.625,
                            0,
                          ],
                          "t": 34,
                          "ti": Array [
                            -15.46875,
                            -21.9375,
                            0,
                          ],
                          "to": Array [
                            0,
                            0,
                            0,
                          ],
                        },
                        Object {
                          "t": 42,
                        },
                      ],
                    },
                    "r": Object {
                      "a": 0,
                      "ix": 10,
                      "k": 0,
                    },
                    "s": Object {
                      "a": 0,
                      "ix": 6,
                      "k": Array [
                        100,
                        100,
                        100,
                      ],
                    },
                  },
                  "nm": "2",
                  "op": 750,
                  "shapes": Array [
                    Object {
                      "cix": 2,
                      "hd": false,
                      "it": Array [
                        Object {
                          "hd": false,
                          "ind": 0,
                          "ix": 1,
                          "ks": Object {
                            "a": 0,
                            "ix": 2,
                            "k": Object {
                              "c": true,
                              "i": Array [
                                Array [
                                  0.265,
                                  0,
                                ],
                                Array [
                                  0,
                                  0,
                                ],
                                Array [
                                  0,
                                  0.552,
                                ],
                                Array [
                                  0,
                                  0,
                                ],
                                Array [
                                  -0.187,
                                  0.188,
                                ],
                                Array [
                                  0,
                                  0,
                                ],
                                Array [
                                  -0.781,
                                  -0.78,
                                ],
                                Array [
                                  0,
                                  0,
                                ],
                                Array [
                                  0.781,
                                  -0.782,
                                ],
                                Array [
                                  0,
                                  0,
                                ],
                              ],
                              "o": Array [
                                Array [
                                  0,
                                  0,
                                ],
                                Array [
                                  -0.552,
                                  0,
                                ],
                                Array [
                                  0,
                                  0,
                                ],
                                Array [
                                  0,
                                  -0.265,
                                ],
                                Array [
                                  0,
                                  0,
                                ],
                                Array [
                                  0.781,
                                  -0.78,
                                ],
                                Array [
                                  0,
                                  0,
                                ],
                                Array [
                                  0.781,
                                  0.781,
                                ],
                                Array [
                                  0,
                                  0,
                                ],
                                Array [
                                  -0.187,
                                  0.188,
                                ],
                              ],
                              "v": Array [
                                Array [
                                  -2.219,
                                  8.876,
                                ],
                                Array [
                                  -7.876,
                                  8.876,
                                ],
                                Array [
                                  -8.876,
                                  7.876,
                                ],
                                Array [
                                  -8.876,
                                  2.219,
                                ],
                                Array [
                                  -8.583,
                                  1.512,
                                ],
                                Array [
                                  1.024,
                                  -8.096,
                                ],
                                Array [
                                  3.852,
                                  -8.096,
                                ],
                                Array [
                                  8.095,
                                  -3.852,
                                ],
                                Array [
                                  8.095,
                                  -1.023,
                                ],
                                Array [
                                  -1.512,
                                  8.583,
                                ],
                              ],
                            },
                          },
                          "mn": "ADBE Vector Shape - Group",
                          "nm": "路径 1",
                          "ty": "sh",
                        },
                        Object {
                          "c": Object {
                            "a": 0,
                            "ix": 3,
                            "k": Array [
                              0.3803921568627451,
                              0.8549019607843137,
                              0.984313725490196,
                              1,
                            ],
                          },
                          "hd": false,
                          "lc": 2,
                          "lj": 1,
                          "ml": 10,
                          "mn": "ADBE Vector Graphic - Stroke",
                          "nm": "描边 1",
                          "o": Object {
                            "a": 0,
                            "ix": 4,
                            "k": 100,
                          },
                          "ty": "st",
                          "w": Object {
                            "a": 0,
                            "ix": 5,
                            "k": 6,
                          },
                        },
                        Object {
                          "a": Object {
                            "a": 0,
                            "ix": 1,
                            "k": Array [
                              0,
                              0,
                            ],
                          },
                          "nm": "变换",
                          "o": Object {
                            "a": 0,
                            "ix": 7,
                            "k": 100,
                          },
                          "p": Object {
                            "a": 0,
                            "ix": 2,
                            "k": Array [
                              35.876,
                              28.125,
                            ],
                          },
                          "r": Object {
                            "a": 0,
                            "ix": 6,
                            "k": 0,
                          },
                          "s": Object {
                            "a": 0,
                            "ix": 3,
                            "k": Array [
                              100,
                              100,
                            ],
                          },
                          "sa": Object {
                            "a": 0,
                            "ix": 5,
                            "k": 0,
                          },
                          "sk": Object {
                            "a": 0,
                            "ix": 4,
                            "k": 0,
                          },
                          "ty": "tr",
                        },
                      ],
                      "ix": 1,
                      "mn": "ADBE Vector Group",
                      "nm": "组 2",
                      "np": 2,
                      "ty": "gr",
                    },
                  ],
                  "sr": 1,
                  "st": 0,
                  "ty": 4,
                },
                Object {
                  "ao": 0,
                  "bm": 0,
                  "ddd": 0,
                  "ind": 2,
                  "ip": 0,
                  "ks": Object {
                    "a": Object {
                      "a": 0,
                      "ix": 1,
                      "k": Array [
                        40,
                        40,
                        0,
                      ],
                    },
                    "o": Object {
                      "a": 0,
                      "ix": 11,
                      "k": 100,
                    },
                    "p": Object {
                      "a": 1,
                      "ix": 2,
                      "k": Array [
                        Object {
                          "e": Array [
                            120,
                            121.5,
                            0,
                          ],
                          "i": Object {
                            "x": 0.667,
                            "y": 1,
                          },
                          "n": "0p667_1_0p333_0",
                          "o": Object {
                            "x": 0.333,
                            "y": 0,
                          },
                          "s": Array [
                            120,
                            286.5,
                            0,
                          ],
                          "t": 0,
                          "ti": Array [
                            0,
                            27.5,
                            0,
                          ],
                          "to": Array [
                            0,
                            -27.5,
                            0,
                          ],
                        },
                        Object {
                          "e": Array [
                            120,
                            121.5,
                            0,
                          ],
                          "i": Object {
                            "x": 0.667,
                            "y": 0.667,
                          },
                          "n": "0p667_0p667_0p333_0p333",
                          "o": Object {
                            "x": 0.333,
                            "y": 0.333,
                          },
                          "s": Array [
                            120,
                            121.5,
                            0,
                          ],
                          "t": 10,
                          "ti": Array [
                            0,
                            0,
                            0,
                          ],
                          "to": Array [
                            0,
                            0,
                            0,
                          ],
                        },
                        Object {
                          "e": Array [
                            120,
                            -63.5,
                            0,
                          ],
                          "i": Object {
                            "x": 0.667,
                            "y": 1,
                          },
                          "n": "0p667_1_0p167_0",
                          "o": Object {
                            "x": 0.167,
                            "y": 0,
                          },
                          "s": Array [
                            120,
                            121.5,
                            0,
                          ],
                          "t": 35,
                          "ti": Array [
                            0,
                            30.8333339691162,
                            0,
                          ],
                          "to": Array [
                            0,
                            -30.8333339691162,
                            0,
                          ],
                        },
                        Object {
                          "t": 42,
                        },
                      ],
                    },
                    "r": Object {
                      "a": 1,
                      "ix": 10,
                      "k": Array [
                        Object {
                          "e": Array [
                            7,
                          ],
                          "i": Object {
                            "x": Array [
                              0.833,
                            ],
                            "y": Array [
                              0.833,
                            ],
                          },
                          "n": Array [
                            "0p833_0p833_0p167_0p167",
                          ],
                          "o": Object {
                            "x": Array [
                              0.167,
                            ],
                            "y": Array [
                              0.167,
                            ],
                          },
                          "s": Array [
                            -24,
                          ],
                          "t": 0,
                        },
                        Object {
                          "e": Array [
                            -10,
                          ],
                          "i": Object {
                            "x": Array [
                              0.833,
                            ],
                            "y": Array [
                              0.833,
                            ],
                          },
                          "n": Array [
                            "0p833_0p833_0p167_0p167",
                          ],
                          "o": Object {
                            "x": Array [
                              0.167,
                            ],
                            "y": Array [
                              0.167,
                            ],
                          },
                          "s": Array [
                            7,
                          ],
                          "t": 9.75,
                        },
                        Object {
                          "e": Array [
                            0,
                          ],
                          "i": Object {
                            "x": Array [
                              0.833,
                            ],
                            "y": Array [
                              0.833,
                            ],
                          },
                          "n": Array [
                            "0p833_0p833_0p167_0p167",
                          ],
                          "o": Object {
                            "x": Array [
                              0.167,
                            ],
                            "y": Array [
                              0.167,
                            ],
                          },
                          "s": Array [
                            -10,
                          ],
                          "t": 14,
                        },
                        Object {
                          "e": Array [
                            0,
                          ],
                          "i": Object {
                            "x": Array [
                              0.833,
                            ],
                            "y": Array [
                              0.833,
                            ],
                          },
                          "n": Array [
                            "0p833_0p833_0p167_0p167",
                          ],
                          "o": Object {
                            "x": Array [
                              0.167,
                            ],
                            "y": Array [
                              0.167,
                            ],
                          },
                          "s": Array [
                            0,
                          ],
                          "t": 18,
                        },
                        Object {
                          "e": Array [
                            -7,
                          ],
                          "i": Object {
                            "x": Array [
                              0.833,
                            ],
                            "y": Array [
                              0.833,
                            ],
                          },
                          "n": Array [
                            "0p833_0p833_0p167_0p167",
                          ],
                          "o": Object {
                            "x": Array [
                              0.167,
                            ],
                            "y": Array [
                              0.167,
                            ],
                          },
                          "s": Array [
                            0,
                          ],
                          "t": 35,
                        },
                        Object {
                          "t": 36,
                        },
                      ],
                    },
                    "s": Object {
                      "a": 0,
                      "ix": 6,
                      "k": Array [
                        100,
                        100,
                        100,
                      ],
                    },
                  },
                  "nm": "1",
                  "op": 750,
                  "shapes": Array [
                    Object {
                      "cix": 2,
                      "hd": false,
                      "it": Array [
                        Object {
                          "hd": false,
                          "ind": 0,
                          "ix": 1,
                          "ks": Object {
                            "a": 0,
                            "ix": 2,
                            "k": Object {
                              "c": true,
                              "i": Array [
                                Array [
                                  0,
                                  0,
                                ],
                                Array [
                                  0,
                                  0,
                                ],
                                Array [
                                  0,
                                  -2.209,
                                ],
                                Array [
                                  0,
                                  0,
                                ],
                                Array [
                                  -2.209,
                                  0,
                                ],
                                Array [
                                  0,
                                  0,
                                ],
                                Array [
                                  0,
                                  2.209,
                                ],
                                Array [
                                  0,
                                  0,
                                ],
                              ],
                              "o": Array [
                                Array [
                                  0,
                                  0,
                                ],
                                Array [
                                  -2.209,
                                  0,
                                ],
                                Array [
                                  0,
                                  0,
                                ],
                                Array [
                                  0,
                                  2.209,
                                ],
                                Array [
                                  0,
                                  0,
                                ],
                                Array [
                                  2.209,
                                  0,
                                ],
                                Array [
                                  0,
                                  0,
                                ],
                                Array [
                                  0,
                                  0,
                                ],
                              ],
                              "v": Array [
                                Array [
                                  7.5,
                                  -34,
                                ],
                                Array [
                                  -22.5,
                                  -34,
                                ],
                                Array [
                                  -26.5,
                                  -30,
                                ],
                                Array [
                                  -26.5,
                                  30,
                                ],
                                Array [
                                  -22.5,
                                  34,
                                ],
                                Array [
                                  22.5,
                                  34,
                                ],
                                Array [
                                  26.5,
                                  30,
                                ],
                                Array [
                                  26.5,
                                  -13,
                                ],
                              ],
                            },
                          },
                          "mn": "ADBE Vector Shape - Group",
                          "nm": "路径 1",
                          "ty": "sh",
                        },
                        Object {
                          "hd": false,
                          "ind": 1,
                          "ix": 2,
                          "ks": Object {
                            "a": 0,
                            "ix": 2,
                            "k": Object {
                              "c": true,
                              "i": Array [
                                Array [
                                  0,
                                  0,
                                ],
                                Array [
                                  0,
                                  0,
                                ],
                                Array [
                                  0,
                                  0,
                                ],
                                Array [
                                  0,
                                  0,
                                ],
                                Array [
                                  0,
                                  0,
                                ],
                              ],
                              "o": Array [
                                Array [
                                  0,
                                  0,
                                ],
                                Array [
                                  0,
                                  0,
                                ],
                                Array [
                                  0,
                                  0,
                                ],
                                Array [
                                  0,
                                  0,
                                ],
                                Array [
                                  0,
                                  0,
                                ],
                              ],
                              "v": Array [
                                Array [
                                  5.281,
                                  -29,
                                ],
                                Array [
                                  21.5,
                                  -11.074,
                                ],
                                Array [
                                  21.5,
                                  29,
                                ],
                                Array [
                                  -21.5,
                                  29,
                                ],
                                Array [
                                  -21.5,
                                  -29,
                                ],
                              ],
                            },
                          },
                          "mn": "ADBE Vector Shape - Group",
                          "nm": "路径 2",
                          "ty": "sh",
                        },
                        Object {
                          "hd": false,
                          "mm": 1,
                          "mn": "ADBE Vector Filter - Merge",
                          "nm": "合并路径 1",
                          "ty": "mm",
                        },
                        Object {
                          "c": Object {
                            "a": 0,
                            "ix": 4,
                            "k": Array [
                              0.9254901960784314,
                              0.9254901960784314,
                              0.9254901960784314,
                              1,
                            ],
                          },
                          "hd": false,
                          "mn": "ADBE Vector Graphic - Fill",
                          "nm": "填充 1",
                          "o": Object {
                            "a": 0,
                            "ix": 5,
                            "k": 100,
                          },
                          "r": 1,
                          "ty": "fl",
                        },
                        Object {
                          "a": Object {
                            "a": 0,
                            "ix": 1,
                            "k": Array [
                              0,
                              0,
                            ],
                          },
                          "nm": "变换",
                          "o": Object {
                            "a": 0,
                            "ix": 7,
                            "k": 100,
                          },
                          "p": Object {
                            "a": 0,
                            "ix": 2,
                            "k": Array [
                              37.5,
                              38,
                            ],
                          },
                          "r": Object {
                            "a": 0,
                            "ix": 6,
                            "k": 0,
                          },
                          "s": Object {
                            "a": 0,
                            "ix": 3,
                            "k": Array [
                              100,
                              100,
                            ],
                          },
                          "sa": Object {
                            "a": 0,
                            "ix": 5,
                            "k": 0,
                          },
                          "sk": Object {
                            "a": 0,
                            "ix": 4,
                            "k": 0,
                          },
                          "ty": "tr",
                        },
                      ],
                      "ix": 1,
                      "mn": "ADBE Vector Group",
                      "nm": "组 1",
                      "np": 4,
                      "ty": "gr",
                    },
                    Object {
                      "cix": 2,
                      "hd": false,
                      "it": Array [
                        Object {
                          "hd": false,
                          "ind": 0,
                          "ix": 1,
                          "ks": Object {
                            "a": 0,
                            "ix": 2,
                            "k": Object {
                              "c": false,
                              "i": Array [
                                Array [
                                  0,
                                  0,
                                ],
                                Array [
                                  0,
                                  0,
                                ],
                              ],
                              "o": Array [
                                Array [
                                  0,
                                  0,
                                ],
                                Array [
                                  0,
                                  0,
                                ],
                              ],
                              "v": Array [
                                Array [
                                  25.5,
                                  57,
                                ],
                                Array [
                                  35.5,
                                  57,
                                ],
                              ],
                            },
                          },
                          "mn": "ADBE Vector Shape - Group",
                          "nm": "路径 1",
                          "ty": "sh",
                        },
                        Object {
                          "e": Object {
                            "a": 1,
                            "ix": 2,
                            "k": Array [
                              Object {
                                "e": Array [
                                  0,
                                ],
                                "i": Object {
                                  "x": Array [
                                    0.833,
                                  ],
                                  "y": Array [
                                    0.833,
                                  ],
                                },
                                "n": Array [
                                  "0p833_0p833_0p167_0p167",
                                ],
                                "o": Object {
                                  "x": Array [
                                    0.167,
                                  ],
                                  "y": Array [
                                    0.167,
                                  ],
                                },
                                "s": Array [
                                  0,
                                ],
                                "t": 0,
                              },
                              Object {
                                "e": Array [
                                  0,
                                ],
                                "i": Object {
                                  "x": Array [
                                    0.833,
                                  ],
                                  "y": Array [
                                    0.833,
                                  ],
                                },
                                "n": Array [
                                  "0p833_0p833_0p167_0p167",
                                ],
                                "o": Object {
                                  "x": Array [
                                    0.167,
                                  ],
                                  "y": Array [
                                    0.167,
                                  ],
                                },
                                "s": Array [
                                  0,
                                ],
                                "t": 25,
                              },
                              Object {
                                "e": Array [
                                  100,
                                ],
                                "i": Object {
                                  "x": Array [
                                    0.833,
                                  ],
                                  "y": Array [
                                    0.833,
                                  ],
                                },
                                "n": Array [
                                  "0p833_0p833_0p167_0p167",
                                ],
                                "o": Object {
                                  "x": Array [
                                    0.167,
                                  ],
                                  "y": Array [
                                    0.167,
                                  ],
                                },
                                "s": Array [
                                  0,
                                ],
                                "t": 32,
                              },
                              Object {
                                "t": 34,
                              },
                            ],
                          },
                          "hd": false,
                          "ix": 2,
                          "m": 1,
                          "mn": "ADBE Vector Filter - Trim",
                          "nm": "修剪路径 1",
                          "o": Object {
                            "a": 0,
                            "ix": 3,
                            "k": 0,
                          },
                          "s": Object {
                            "a": 0,
                            "ix": 1,
                            "k": 0,
                          },
                          "ty": "tm",
                        },
                        Object {
                          "c": Object {
                            "a": 0,
                            "ix": 3,
                            "k": Array [
                              0.3803921568627451,
                              0.8549019607843137,
                              0.984313725490196,
                              1,
                            ],
                          },
                          "hd": false,
                          "lc": 2,
                          "lj": 1,
                          "ml": 10,
                          "mn": "ADBE Vector Graphic - Stroke",
                          "nm": "描边 1",
                          "o": Object {
                            "a": 0,
                            "ix": 4,
                            "k": 100,
                          },
                          "ty": "st",
                          "w": Object {
                            "a": 0,
                            "ix": 5,
                            "k": 6,
                          },
                        },
                        Object {
                          "c": Object {
                            "a": 0,
                            "ix": 4,
                            "k": Array [
                              0.3803921568627451,
                              0.8549019607843137,
                              0.984313725490196,
                              1,
                            ],
                          },
                          "hd": false,
                          "mn": "ADBE Vector Graphic - Fill",
                          "nm": "填充 1",
                          "o": Object {
                            "a": 0,
                            "ix": 5,
                            "k": 100,
                          },
                          "r": 1,
                          "ty": "fl",
                        },
                        Object {
                          "a": Object {
                            "a": 0,
                            "ix": 1,
                            "k": Array [
                              0,
                              0,
                            ],
                          },
                          "nm": "变换",
                          "o": Object {
                            "a": 0,
                            "ix": 7,
                            "k": 100,
                          },
                          "p": Object {
                            "a": 0,
                            "ix": 2,
                            "k": Array [
                              0,
                              0,
                            ],
                          },
                          "r": Object {
                            "a": 0,
                            "ix": 6,
                            "k": 0,
                          },
                          "s": Object {
                            "a": 0,
                            "ix": 3,
                            "k": Array [
                              100,
                              100,
                            ],
                          },
                          "sa": Object {
                            "a": 0,
                            "ix": 5,
                            "k": 0,
                          },
                          "sk": Object {
                            "a": 0,
                            "ix": 4,
                            "k": 0,
                          },
                          "ty": "tr",
                        },
                      ],
                      "ix": 2,
                      "mn": "ADBE Vector Group",
                      "nm": "组 3",
                      "np": 4,
                      "ty": "gr",
                    },
                    Object {
                      "cix": 2,
                      "hd": false,
                      "it": Array [
                        Object {
                          "hd": false,
                          "ind": 0,
                          "ix": 1,
                          "ks": Object {
                            "a": 0,
                            "ix": 2,
                            "k": Object {
                              "c": false,
                              "i": Array [
                                Array [
                                  0,
                                  0,
                                ],
                                Array [
                                  0,
                                  0,
                                ],
                              ],
                              "o": Array [
                                Array [
                                  0,
                                  0,
                                ],
                                Array [
                                  0,
                                  0,
                                ],
                              ],
                              "v": Array [
                                Array [
                                  25.5,
                                  45,
                                ],
                                Array [
                                  45.5,
                                  45,
                                ],
                              ],
                            },
                          },
                          "mn": "ADBE Vector Shape - Group",
                          "nm": "路径 1",
                          "ty": "sh",
                        },
                        Object {
                          "e": Object {
                            "a": 1,
                            "ix": 2,
                            "k": Array [
                              Object {
                                "e": Array [
                                  0,
                                ],
                                "i": Object {
                                  "x": Array [
                                    0.833,
                                  ],
                                  "y": Array [
                                    1,
                                  ],
                                },
                                "n": Array [
                                  "0p833_1_0p333_0",
                                ],
                                "o": Object {
                                  "x": Array [
                                    0.333,
                                  ],
                                  "y": Array [
                                    0,
                                  ],
                                },
                                "s": Array [
                                  0,
                                ],
                                "t": 0,
                              },
                              Object {
                                "e": Array [
                                  100,
                                ],
                                "i": Object {
                                  "x": Array [
                                    0.833,
                                  ],
                                  "y": Array [
                                    1,
                                  ],
                                },
                                "n": Array [
                                  "0p833_1_0p167_0",
                                ],
                                "o": Object {
                                  "x": Array [
                                    0.167,
                                  ],
                                  "y": Array [
                                    0,
                                  ],
                                },
                                "s": Array [
                                  0,
                                ],
                                "t": 25,
                              },
                              Object {
                                "t": 30,
                              },
                            ],
                          },
                          "hd": false,
                          "ix": 2,
                          "m": 1,
                          "mn": "ADBE Vector Filter - Trim",
                          "nm": "修剪路径 1",
                          "o": Object {
                            "a": 0,
                            "ix": 3,
                            "k": 0,
                          },
                          "s": Object {
                            "a": 0,
                            "ix": 1,
                            "k": 0,
                          },
                          "ty": "tm",
                        },
                        Object {
                          "c": Object {
                            "a": 0,
                            "ix": 3,
                            "k": Array [
                              0.3803921568627451,
                              0.8549019607843137,
                              0.984313725490196,
                              1,
                            ],
                          },
                          "hd": false,
                          "lc": 2,
                          "lj": 1,
                          "ml": 10,
                          "mn": "ADBE Vector Graphic - Stroke",
                          "nm": "描边 1",
                          "o": Object {
                            "a": 0,
                            "ix": 4,
                            "k": 100,
                          },
                          "ty": "st",
                          "w": Object {
                            "a": 0,
                            "ix": 5,
                            "k": 6,
                          },
                        },
                        Object {
                          "c": Object {
                            "a": 0,
                            "ix": 4,
                            "k": Array [
                              0.3803921568627451,
                              0.8549019607843137,
                              0.984313725490196,
                              1,
                            ],
                          },
                          "hd": false,
                          "mn": "ADBE Vector Graphic - Fill",
                          "nm": "填充 1",
                          "o": Object {
                            "a": 0,
                            "ix": 5,
                            "k": 100,
                          },
                          "r": 1,
                          "ty": "fl",
                        },
                        Object {
                          "a": Object {
                            "a": 0,
                            "ix": 1,
                            "k": Array [
                              0,
                              0,
                            ],
                          },
                          "nm": "变换",
                          "o": Object {
                            "a": 0,
                            "ix": 7,
                            "k": 100,
                          },
                          "p": Object {
                            "a": 0,
                            "ix": 2,
                            "k": Array [
                              0,
                              0,
                            ],
                          },
                          "r": Object {
                            "a": 0,
                            "ix": 6,
                            "k": 0,
                          },
                          "s": Object {
                            "a": 0,
                            "ix": 3,
                            "k": Array [
                              100,
                              100,
                            ],
                          },
                          "sa": Object {
                            "a": 0,
                            "ix": 5,
                            "k": 0,
                          },
                          "sk": Object {
                            "a": 0,
                            "ix": 4,
                            "k": 0,
                          },
                          "ty": "tr",
                        },
                      ],
                      "ix": 3,
                      "mn": "ADBE Vector Group",
                      "nm": "组 4",
                      "np": 4,
                      "ty": "gr",
                    },
                    Object {
                      "cix": 2,
                      "hd": false,
                      "it": Array [
                        Object {
                          "hd": false,
                          "ind": 0,
                          "ix": 1,
                          "ks": Object {
                            "a": 0,
                            "ix": 2,
                            "k": Object {
                              "c": false,
                              "i": Array [
                                Array [
                                  0,
                                  0,
                                ],
                                Array [
                                  0,
                                  0,
                                ],
                                Array [
                                  0,
                                  2.209,
                                ],
                                Array [
                                  0,
                                  0,
                                ],
                              ],
                              "o": Array [
                                Array [
                                  0,
                                  0,
                                ],
                                Array [
                                  -2.209,
                                  0,
                                ],
                                Array [
                                  0,
                                  0,
                                ],
                                Array [
                                  0,
                                  0,
                                ],
                              ],
                              "v": Array [
                                Array [
                                  11,
                                  12,
                                ],
                                Array [
                                  -7,
                                  12,
                                ],
                                Array [
                                  -11,
                                  8,
                                ],
                                Array [
                                  -11,
                                  -12,
                                ],
                              ],
                            },
                          },
                          "mn": "ADBE Vector Shape - Group",
                          "nm": "路径 1",
                          "ty": "sh",
                        },
                        Object {
                          "c": Object {
                            "a": 0,
                            "ix": 3,
                            "k": Array [
                              0.9254901960784314,
                              0.9254901960784314,
                              0.9254901960784314,
                              1,
                            ],
                          },
                          "hd": false,
                          "lc": 1,
                          "lj": 1,
                          "ml": 10,
                          "mn": "ADBE Vector Graphic - Stroke",
                          "nm": "描边 1",
                          "o": Object {
                            "a": 0,
                            "ix": 4,
                            "k": 100,
                          },
                          "ty": "st",
                          "w": Object {
                            "a": 0,
                            "ix": 5,
                            "k": 5,
                          },
                        },
                        Object {
                          "a": Object {
                            "a": 0,
                            "ix": 1,
                            "k": Array [
                              0,
                              0,
                            ],
                          },
                          "nm": "变换",
                          "o": Object {
                            "a": 0,
                            "ix": 7,
                            "k": 100,
                          },
                          "p": Object {
                            "a": 0,
                            "ix": 2,
                            "k": Array [
                              52,
                              16,
                            ],
                          },
                          "r": Object {
                            "a": 0,
                            "ix": 6,
                            "k": 0,
                          },
                          "s": Object {
                            "a": 0,
                            "ix": 3,
                            "k": Array [
                              100,
                              100,
                            ],
                          },
                          "sa": Object {
                            "a": 0,
                            "ix": 5,
                            "k": 0,
                          },
                          "sk": Object {
                            "a": 0,
                            "ix": 4,
                            "k": 0,
                          },
                          "ty": "tr",
                        },
                      ],
                      "ix": 4,
                      "mn": "ADBE Vector Group",
                      "nm": "组 5",
                      "np": 2,
                      "ty": "gr",
                    },
                  ],
                  "sr": 1,
                  "st": 0,
                  "ty": 4,
                },
                Object {
                  "ao": 0,
                  "bm": 0,
                  "ddd": 0,
                  "ind": 3,
                  "ip": 0,
                  "ks": Object {
                    "a": Object {
                      "a": 0,
                      "ix": 1,
                      "k": Array [
                        40,
                        40,
                        0,
                      ],
                    },
                    "o": Object {
                      "a": 0,
                      "ix": 11,
                      "k": 100,
                    },
                    "p": Object {
                      "a": 1,
                      "ix": 2,
                      "k": Array [
                        Object {
                          "e": Array [
                            121.775,
                            121.199,
                            0,
                          ],
                          "i": Object {
                            "x": 0.667,
                            "y": 1,
                          },
                          "n": "0p667_1_0p333_0",
                          "o": Object {
                            "x": 0.333,
                            "y": 0,
                          },
                          "s": Array [
                            120,
                            289.449,
                            0,
                          ],
                          "t": 0,
                          "ti": Array [
                            -0.2957908809185,
                            28.0416660308838,
                            0,
                          ],
                          "to": Array [
                            0.2957908809185,
                            -28.0416660308838,
                            0,
                          ],
                        },
                        Object {
                          "e": Array [
                            121.775,
                            121.199,
                            0,
                          ],
                          "i": Object {
                            "x": 0.667,
                            "y": 0.667,
                          },
                          "n": "0p667_0p667_0p167_0p167",
                          "o": Object {
                            "x": 0.167,
                            "y": 0.167,
                          },
                          "s": Array [
                            121.775,
                            121.199,
                            0,
                          ],
                          "t": 11,
                          "ti": Array [
                            0,
                            0,
                            0,
                          ],
                          "to": Array [
                            0,
                            0,
                            0,
                          ],
                        },
                        Object {
                          "e": Array [
                            121.775,
                            -66.801,
                            0,
                          ],
                          "i": Object {
                            "x": 0.667,
                            "y": 1,
                          },
                          "n": "0p667_1_0p167_0",
                          "o": Object {
                            "x": 0.167,
                            "y": 0,
                          },
                          "s": Array [
                            121.775,
                            121.199,
                            0,
                          ],
                          "t": 35,
                          "ti": Array [
                            0,
                            31.3333339691162,
                            0,
                          ],
                          "to": Array [
                            0,
                            -31.3333339691162,
                            0,
                          ],
                        },
                        Object {
                          "t": 42,
                        },
                      ],
                    },
                    "r": Object {
                      "a": 1,
                      "ix": 10,
                      "k": Array [
                        Object {
                          "e": Array [
                            5,
                          ],
                          "i": Object {
                            "x": Array [
                              0.833,
                            ],
                            "y": Array [
                              0.833,
                            ],
                          },
                          "n": Array [
                            "0p833_0p833_0p167_0p167",
                          ],
                          "o": Object {
                            "x": Array [
                              0.167,
                            ],
                            "y": Array [
                              0.167,
                            ],
                          },
                          "s": Array [
                            -40,
                          ],
                          "t": 0,
                        },
                        Object {
                          "e": Array [
                            -7,
                          ],
                          "i": Object {
                            "x": Array [
                              0.833,
                            ],
                            "y": Array [
                              0.833,
                            ],
                          },
                          "n": Array [
                            "0p833_0p833_0p167_0p167",
                          ],
                          "o": Object {
                            "x": Array [
                              0.167,
                            ],
                            "y": Array [
                              0.167,
                            ],
                          },
                          "s": Array [
                            5,
                          ],
                          "t": 10,
                        },
                        Object {
                          "e": Array [
                            0,
                          ],
                          "i": Object {
                            "x": Array [
                              0.833,
                            ],
                            "y": Array [
                              0.833,
                            ],
                          },
                          "n": Array [
                            "0p833_0p833_0p167_0p167",
                          ],
                          "o": Object {
                            "x": Array [
                              0.167,
                            ],
                            "y": Array [
                              0.167,
                            ],
                          },
                          "s": Array [
                            -7,
                          ],
                          "t": 14,
                        },
                        Object {
                          "e": Array [
                            0,
                          ],
                          "i": Object {
                            "x": Array [
                              0.833,
                            ],
                            "y": Array [
                              0.833,
                            ],
                          },
                          "n": Array [
                            "0p833_0p833_0p167_0p167",
                          ],
                          "o": Object {
                            "x": Array [
                              0.167,
                            ],
                            "y": Array [
                              0.167,
                            ],
                          },
                          "s": Array [
                            0,
                          ],
                          "t": 19,
                        },
                        Object {
                          "e": Array [
                            -6,
                          ],
                          "i": Object {
                            "x": Array [
                              0.833,
                            ],
                            "y": Array [
                              0.833,
                            ],
                          },
                          "n": Array [
                            "0p833_0p833_0p167_0p167",
                          ],
                          "o": Object {
                            "x": Array [
                              0.167,
                            ],
                            "y": Array [
                              0.167,
                            ],
                          },
                          "s": Array [
                            0,
                          ],
                          "t": 35,
                        },
                        Object {
                          "t": 36,
                        },
                      ],
                    },
                    "s": Object {
                      "a": 0,
                      "ix": 6,
                      "k": Array [
                        100,
                        100,
                        100,
                      ],
                    },
                  },
                  "nm": "3",
                  "op": 750,
                  "shapes": Array [
                    Object {
                      "cix": 2,
                      "hd": false,
                      "it": Array [
                        Object {
                          "hd": false,
                          "ind": 0,
                          "ix": 1,
                          "ks": Object {
                            "a": 0,
                            "ix": 2,
                            "k": Object {
                              "c": true,
                              "i": Array [
                                Array [
                                  0,
                                  0,
                                ],
                                Array [
                                  0,
                                  0,
                                ],
                                Array [
                                  2.001,
                                  0,
                                ],
                                Array [
                                  0,
                                  0,
                                ],
                                Array [
                                  0,
                                  2.001,
                                ],
                                Array [
                                  0,
                                  0,
                                ],
                                Array [
                                  -2.001,
                                  0,
                                ],
                                Array [
                                  0,
                                  0,
                                ],
                              ],
                              "o": Array [
                                Array [
                                  0,
                                  0,
                                ],
                                Array [
                                  0,
                                  2.001,
                                ],
                                Array [
                                  0,
                                  0,
                                ],
                                Array [
                                  -2.001,
                                  0,
                                ],
                                Array [
                                  0,
                                  0,
                                ],
                                Array [
                                  0,
                                  -2.001,
                                ],
                                Array [
                                  0,
                                  0,
                                ],
                                Array [
                                  0,
                                  0,
                                ],
                              ],
                              "v": Array [
                                Array [
                                  24,
                                  -11.774,
                                ],
                                Array [
                                  24,
                                  27.169,
                                ],
                                Array [
                                  20.377,
                                  30.792,
                                ],
                                Array [
                                  -20.377,
                                  30.792,
                                ],
                                Array [
                                  -24,
                                  27.169,
                                ],
                                Array [
                                  -24,
                                  -27.17,
                                ],
                                Array [
                                  -20.377,
                                  -30.792,
                                ],
                                Array [
                                  6.792,
                                  -30.792,
                                ],
                              ],
                            },
                          },
                          "mn": "ADBE Vector Shape - Group",
                          "nm": "路径 1",
                          "ty": "sh",
                        },
                        Object {
                          "c": Object {
                            "a": 0,
                            "ix": 4,
                            "k": Array [
                              0.6039215686274509,
                              0.6039215686274509,
                              0.6039215686274509,
                              1,
                            ],
                          },
                          "hd": false,
                          "mn": "ADBE Vector Graphic - Fill",
                          "nm": "填充 1",
                          "o": Object {
                            "a": 0,
                            "ix": 5,
                            "k": 100,
                          },
                          "r": 1,
                          "ty": "fl",
                        },
                        Object {
                          "a": Object {
                            "a": 0,
                            "ix": 1,
                            "k": Array [
                              0,
                              0,
                            ],
                          },
                          "nm": "变换",
                          "o": Object {
                            "a": 0,
                            "ix": 7,
                            "k": 100,
                          },
                          "p": Object {
                            "a": 0,
                            "ix": 2,
                            "k": Array [
                              45,
                              45.793,
                            ],
                          },
                          "r": Object {
                            "a": 0,
                            "ix": 6,
                            "k": 0,
                          },
                          "s": Object {
                            "a": 0,
                            "ix": 3,
                            "k": Array [
                              100,
                              100,
                            ],
                          },
                          "sa": Object {
                            "a": 0,
                            "ix": 5,
                            "k": 0,
                          },
                          "sk": Object {
                            "a": 0,
                            "ix": 4,
                            "k": 0,
                          },
                          "ty": "tr",
                        },
                      ],
                      "ix": 1,
                      "mn": "ADBE Vector Group",
                      "nm": "组 6",
                      "np": 2,
                      "ty": "gr",
                    },
                  ],
                  "sr": 1,
                  "st": 0,
                  "ty": 4,
                },
              ],
              "markers": Array [],
              "nm": "合成 1",
              "op": 45,
              "v": "5.1.8",
              "w": 240,
            },
            "autoplay": true,
            "loop": true,
            "rendererSettings": Object {
              "preserveAspectRatio": "xMidYMid slice",
            },
          }
        }
        style={
          Object {
            "marginBottom": "50px",
          }
        }
        width={400}
      />
      <Button
        icon={
          Object {
            "icon": Array [
              448,
              512,
              Array [],
              "f067",
              "M416 208H272V64c0-17.67-14.33-32-32-32h-32c-17.67 0-32 14.33-32 32v144H32c-17.67 0-32 14.33-32 32v32c0 17.67 14.33 32 32 32h144v144c0 17.67 14.33 32 32 32h32c17.67 0 32-14.33 32-32V304h144c17.67 0 32-14.33 32-32v-32c0-17.67-14.33-32-32-32z",
            ],
            "iconName": "plus",
            "prefix": "fas",
          }
        }
        onClick={[Function]}
        text="todos.create"
      />
    </div>
  </Loading>
</div>
`;
