// Jest Snapshot v1, https://goo.gl/fbAQLP

exports[`ModalProvider should render provider 1`] = `
<ContextProvider
  value={
    Object {
      "closeModal": [Function],
      "modal": Object {
        "type": "confirmation",
        "visible": false,
      },
      "openModal": [Function],
    }
  }
>
  <Wrapper />
</ContextProvider>
`;
