// Jest Snapshot v1, https://goo.gl/fbAQLP

exports[`App component should render App 1`] = `
<Router
  history={
    Object {
      "action": "POP",
      "block": [Function],
      "createHref": [Function],
      "go": [Function],
      "goBack": [Function],
      "goForward": [Function],
      "length": 1,
      "listen": [Function],
      "location": Object {
        "hash": "",
        "pathname": "/",
        "search": "",
        "state": undefined,
      },
      "push": [Function],
      "replace": [Function],
    }
  }
>
  <Switch>
    <Connect(AnonymousRoute)
      component={[Function]}
      path="/login"
    />
    <Connect(ProtectedRoute)
      component={[Function]}
      exact={true}
      path="/"
    />
    <Connect(ProtectedRoute)
      component={[Function]}
      path="/profile"
    />
    <Connect(ProtectedRoute)
      component={[Function]}
      path="/todos/:id"
    />
    <Connect(ProtectedRoute)
      component={[Function]}
      path="/about"
    />
    <Route
      component={[Function]}
    />
  </Switch>
</Router>
`;
