// Jest Snapshot v1, https://goo.gl/fbAQLP

exports[`Input modal should not render modal 1`] = `""`;

exports[`Input modal should render modal 1`] = `
<div
  className="input-modal-component"
  onClick={[Function]}
>
  <div
    className="modal-body"
    onClick={[Function]}
  >
    <h2
      className="modal-title"
    >
      New list
    </h2>
    <div
      className="modal-description"
    >
      Choose name for your new todo list:
    </div>
    <form
      onSubmit={[Function]}
    >
      <input
        autoFocus={true}
        className="modal-input"
        name="value"
        onChange={[Function]}
        type="text"
        value=""
      />
      <button
        className="modal-confirmation-button"
        type="submit"
      >
        modal.confirmation
      </button>
    </form>
  </div>
</div>
`;
