// Jest Snapshot v1, https://goo.gl/fbAQLP

exports[`Input modal should render select modal 1`] = `
<div
  className="input-modal-component"
  onClick={[Function]}
>
  <div
    className="modal-body"
    onClick={[Function]}
  >
    <h2
      className="modal-title"
    >
      Select Language
    </h2>
    <div
      className="modal-description"
    >
      Choose your preferred language:
    </div>
    <input
      autoFocus={true}
      className="modal-input"
    />
    <div
      className="modal-confirmation-button"
    >
      <span
        className="confirmation-text"
        onClick={[Function]}
      >
        modal.confirmation
      </span>
    </div>
  </div>
</div>
`;
