// Jest Snapshot v1, https://goo.gl/fbAQLP

exports[`Select modal should not render modal 1`] = `""`;

exports[`Select modal should render modal 1`] = `
<div
  className="select-modal-component"
  onClick={[Function]}
>
  <div
    className="modal-body"
    onClick={[Function]}
  >
    <h2
      className="modal-title"
    >
      Select Language
    </h2>
    <div
      className="modal-description"
    >
      Choose your preferred language:
    </div>
    <SelectItem
      id="select-item-0"
      image="cs.png"
      key="0"
      onClick={[Function]}
      text="czech"
    />
    <SelectItem
      id="select-item-1"
      image="en.png"
      key="1"
      onClick={[Function]}
      text="english"
    />
  </div>
</div>
`;
