// Jest Snapshot v1, https://goo.gl/fbAQLP

exports[`Select modal should render input modal 1`] = `
<div
  className="select-modal-component"
  onClick={[Function]}
>
  <div
    className="modal-body"
    onClick={[Function]}
  >
    <h2
      className="modal-title"
    >
      New list
    </h2>
    <div
      className="modal-description"
    >
      Choose name for your new todo list:
    </div>
  </div>
</div>
`;
